// Jest Snapshot v1, https://goo.gl/fbAQLP

exports[`Counter renders correctly 1`] = `
<div
  class="sv-loading"
  style="font-size: undefinedpx;"
>
  <span
    class="sv-loading-icon"
    style="color: rgb(162, 162, 162);"
  >
    <span
      class="sv-loading-spiner"
    >
      <svg
        class="sv-loading__circular"
        viewBox="25 25 50 50"
      >
        <circle
          cx="50"
          cy="50"
          fill="none"
          r="20"
        />
      </svg>
    </span>
  </span>
  <span
    class="sv-loading-message"
  />
</div>
`;
