// Jest Snapshot v1, https://goo.gl/fbAQLP

exports[`Counter renders correctly 1`] = `
<button
  class="sv-button sv-button-default sv-button-normal"
>
  <span
    style="margin-left: 5px;"
  />
</button>
`;
