// Jest Snapshot v1, https://goo.gl/fbAQLP

exports[`Counter renders correctly 1`] = `
<div
  class="sv-swiper"
>
  <div
    class="sv-swiper-container sv-swiper-lr"
  >
    <div />
     
    <div />
     
    <div />
     
    <div />
  </div>
   
  <!---->
</div>
`;
